../Core/Src/main.c:68:6:ADC_Select_CH0	24	static
../Core/Src/main.c:82:6:ADC_Select_CH1	24	static
../Core/Src/main.c:98:6:delay	16	static
../Core/Src/main.c:112:6:Set_Pin_Output	40	static
../Core/Src/main.c:121:6:Set_Pin_Input	40	static
../Core/Src/main.c:134:6:DHT11_Start	8	static
../Core/Src/main.c:144:9:DHT11_Check_Response	16	static
../Core/Src/main.c:159:9:DHT11_Read	16	static
../Core/Src/main.c:254:5:main	128	static
../Core/Src/main.c:380:6:SystemClock_Config	88	static
../Core/Src/main.c:427:13:MX_ADC1_Init	24	static
../Core/Src/main.c:495:13:MX_TIM1_Init	32	static
../Core/Src/main.c:541:13:MX_USART2_UART_Init	8	static
../Core/Src/main.c:574:13:MX_GPIO_Init	48	static
../Core/Src/main.c:614:6:Error_Handler	4	static,ignoring_inline_asm
