../Core/Src/main.c:72:6:ADC_Select_CH0	24	static
../Core/Src/main.c:86:6:ADC_Select_CH1	24	static
../Core/Src/main.c:100:6:ADC_Select_CH4	24	static
../Core/Src/main.c:116:6:delay	16	static
../Core/Src/main.c:136:6:Set_Pin_Output	40	static
../Core/Src/main.c:145:6:Set_Pin_Input	40	static
../Core/Src/main.c:158:6:DHT11_Start	8	static
../Core/Src/main.c:168:9:DHT11_Check_Response	16	static
../Core/Src/main.c:183:9:DHT11_Read	16	static
../Core/Src/main.c:278:5:main	120	static
../Core/Src/main.c:430:6:SystemClock_Config	88	static
../Core/Src/main.c:477:13:MX_ADC1_Init	24	static
../Core/Src/main.c:538:13:MX_TIM1_Init	32	static
../Core/Src/main.c:584:13:MX_USART1_UART_Init	8	static
../Core/Src/main.c:617:13:MX_USART2_UART_Init	8	static
../Core/Src/main.c:650:13:MX_GPIO_Init	48	static
../Core/Src/main.c:683:6:HAL_UART_RxCpltCallback	256	static
../Core/Src/main.c:717:6:Error_Handler	4	static,ignoring_inline_asm
